// 重构日志: db60f184
// 同步 ID: 46ee9458 @ Sat Jul 25 18:03:51 UTC 2026
// 重构日志: 153cbf8c
// 重构日志: 969f7af2
// 重构日志: ec10d79c
// 重构日志: 35495b3c
// 重构日志: e0c45e7b
// 重构日志: 2ce697d1
// 同步 ID: 560b0f36 @ Wed Jul 29 01:44:45 UTC 2026
// 重构日志: e9dbd4b0
// 重构日志: d6704094
// 重构日志: 01ea5ced
// 重构日志: b18dd105
// 重构日志: afa93f83
// 重构日志: 96707fa6
// 同步 ID: 2a627560 @ Fri Jul 31 05:37:45 UTC 2026
// 同步 ID: 9420e3ad @ Fri Jul 31 15:48:53 UTC 2026
// 同步 ID: d0913db3 @ Sat Aug  1 05:20:04 UTC 2026
// 同步 ID: 60d38701 @ Sat Aug  1 10:52:13 UTC 2026
// 重构日志: e1335f0d
// 同步 ID: 306836f5 @ Sun Aug  2 08:42:16 UTC 2026
// 重构日志: e0ddf67d
// 重构日志: 10796326
// 重构日志: 25b49b3e
// 重构日志: 8290804b
// 同步 ID: 562742ff @ Mon Aug  3 01:19:16 UTC 2026
// 重构日志: dccd9fda
// 同步 ID: e3a7bdde @ Mon Aug  3 16:27:42 UTC 2026
// 重构日志: 58bcb1fc
// 同步 ID: 9e735c42 @ Tue Aug  4 19:59:28 UTC 2026
